Traceback (most recent call last):
  File "/Users/troitskiystepan/Desktop/LottieAnimations/bot.py", line 30, in <module>
    supabase: Client = create_client(SUPABASE_URL, SUPABASE_KEY)
                       ^^^^^^^^^^^^^^^^^^^^^^^^^^^^^^^^^^^^^^^^^
  File "/Library/Frameworks/Python.framework/Versions/3.12/lib/python3.12/site-packages/supabase/_sync/client.py", line 341, in create_client
    return SyncClient.create(
           ^^^^^^^^^^^^^^^^^^
  File "/Library/Frameworks/Python.framework/Versions/3.12/lib/python3.12/site-packages/supabase/_sync/client.py", line 103, in create
    client = cls(supabase_url, supabase_key, options)
             ^^^^^^^^^^^^^^^^^^^^^^^^^^^^^^^^^^^^^^^^
  File "/Library/Frameworks/Python.framework/Versions/3.12/lib/python3.12/site-packages/supabase/_sync/client.py", line 81, in __init__
    self.auth = self._init_supabase_auth_client(
                ^^^^^^^^^^^^^^^^^^^^^^^^^^^^^^^^
  File "/Library/Frameworks/Python.framework/Versions/3.12/lib/python3.12/site-packages/supabase/_sync/client.py", line 250, in _init_supabase_auth_client
    return SyncSupabaseAuthClient(
           ^^^^^^^^^^^^^^^^^^^^^^^
  File "/Library/Frameworks/Python.framework/Versions/3.12/lib/python3.12/site-packages/supabase/_sync/auth_client.py", line 47, in __init__
    super().__init__(
  File "/Library/Frameworks/Python.framework/Versions/3.12/lib/python3.12/site-packages/gotrue/_sync/gotrue_client.py", line 108, in __init__
    SyncGoTrueBaseAPI.__init__(
  File "/Library/Frameworks/Python.framework/Versions/3.12/lib/python3.12/site-packages/gotrue/_sync/gotrue_base_api.py", line 28, in __init__
    self._http_client = http_client or SyncClient(
                                       ^^^^^^^^^^^
TypeError: Client.__init__() got an unexpected keyword argument 'proxy'
Exception ignored in: <function SyncGoTrueClient.__del__ at 0x113e21a80>
Traceback (most recent call last):
  File "/Library/Frameworks/Python.framework/Versions/3.12/lib/python3.12/site-packages/gotrue/_sync/gotrue_client.py", line 1237, in __del__
    if self._refresh_token_timer:
       ^^^^^^^^^^^^^^^^^^^^^^^^^
AttributeError: 'SyncSupabaseAuthClient' object has no attribute '_refresh_token_timer'
